com/smartorder/inventory/grpc/InventoryServiceGrpc$1.class
com/smartorder/inventory/grpc/InventoryServiceGrpc$InventoryServiceStub.class
com/smartorder/inventory/grpc/InventoryServiceGrpc$InventoryServiceImplBase.class
com/smartorder/inventory/grpc/InventoryServiceGrpc$InventoryServiceMethodDescriptorSupplier.class
com/smartorder/inventory/controller/InventoryController.class
com/smartorder/inventory/grpc/InventoryServiceGrpc$InventoryServiceBaseDescriptorSupplier.class
com/smartorder/inventory/grpc/InventoryServiceGrpc$3.class
com/smartorder/inventory/service/InventoryService.class
com/smartorder/inventory/repository/ProductRepository.class
com/smartorder/inventory/grpc/InventoryServiceGrpc$InventoryServiceBlockingStub.class
com/smartorder/inventory/grpc/StockRequestOrBuilder.class
com/smartorder/inventory/grpc/InventoryServiceGrpc$MethodHandlers.class
com/smartorder/inventory/grpc/StockResponseOrBuilder.class
com/smartorder/inventory/grpc/InventoryServiceGrpc$InventoryServiceFutureStub.class
com/smartorder/inventory/grpc/InventoryServiceGrpc$AsyncService.class
com/smartorder/inventory/grpc/StockRequest.class
com/smartorder/inventory/InventoryServiceApplication.class
com/smartorder/inventory/grpc/StockResponse$1.class
com/smartorder/inventory/grpc/InventoryServiceGrpc$2.class
com/smartorder/inventory/grpc/StockRequest$Builder.class
com/smartorder/inventory/grpc/InventoryProto.class
com/smartorder/inventory/grpc/InventoryServiceGrpc.class
com/smartorder/inventory/grpc/StockResponse$Builder.class
com/smartorder/inventory/grpc/StockRequest$1.class
com/smartorder/inventory/model/Product.class
com/smartorder/inventory/grpc/InventoryServiceGrpc$InventoryServiceFileDescriptorSupplier.class
com/smartorder/inventory/grpc/InventoryServiceImpl.class
com/smartorder/inventory/grpc/StockResponse.class
